// Vitest Snapshot v1, https://vitest.dev/guide/snapshot.html

exports[`Breadcrumbs Component > Renders correctly 1`] = `
<div>
  <nav
    aria-label="breadcrumb navigation"
    class="flex flex-wrap items-center bg-blue-100 px-16 py-8 text-base print:hidden"
    data-testid="breadcrumbs-menu"
  >
    <a
      class="fill-blue-800 outline-blue-800"
      data-discover="true"
      href="/"
    >
      <svg
        aria-hidden="true"
        data-testid="HomeOutlinedIcon"
        focusable="false"
        height="24"
        viewBox="0 0 24 24"
        width="24"
        xmlns="http://www.w3.org/2000/svg"
      >
        <path
          d="M0 0h24v24H0V0z"
          fill="none"
        />
        <path
          d="M12 5.69l5 4.5V18h-2v-6H9v6H7v-7.81l5-4.5M12 3L2 12h3v8h6v-6h2v6h6v-8h3L12 3z"
        />
      </svg>
      <span
        class="sr-only"
      >
        Startseite
      </span>
    </a>
    <div>
      <span
        class="mx-8"
      >
        /
      </span>
      <span>
        <span>
          test-1
        </span>
      </span>
    </div>
  </nav>
</div>
`;
