// Vitest Snapshot v1, https://vitest.dev/guide/snapshot.html

exports[`Footer Component > Renders correctly 1`] = `
<div>
  <footer
    aria-label="Seitenfußbereich"
    class="ds-label-03-reg flex w-full flex-row justify-center border-t-2 border-blue-300 leading-snug text-gray-900 print:hidden"
    id="footer"
  >
    <div
      class="ds-stack ds-stack-32 sm:ds-stack-40 w-full max-w-6xl px-16 py-40"
    >
      <nav
        aria-label="Schnellübersicht"
        class="grid grid-cols-1 justify-between gap-32 sm:grid-cols-[repeat(3,minmax(0,18rem))] sm:grid-rows-2"
      >
        <div
          class="ds-stack ds-stack-8 row-span-2"
        >
          <h2
            class="ds-label-section"
          >
            Unterstützungsangebote Für bund, Länder, Kommunen und EU-Staaten
          </h2>
          <ul
            class="list-unstyled flex flex-col gap-8"
          >
            <li>
              Support:
               
              <a
                class="increase-tap-area"
                href="tel:+4915140767839"
              >
                0151/40 76 78 39
              </a>
               oder
               
              <a
                class="increase-tap-area"
                href="mailto:digitalcheck@digitalservice.bund.de"
              >
                digitalcheck@digitalservice.bund.de
              </a>
            </li>
            <li>
               
              <a
                class="increase-tap-area"
                href="/unterstuetzung"
              >
                Alle Unterstützungsangebote
              </a>
            </li>
            <li>
               
              <a
                class="increase-tap-area"
                href="https://zfl.bund.de/schulungen"
              >
                Schulungen
              </a>
            </li>
            <li>
               
              <a
                class="increase-tap-area"
                href="/interoperabel/nationale-kontaktstelle"
              >
                Nationale Kontaktstelle für ein interoperables Europa (2024/903 Art. 17)
              </a>
            </li>
          </ul>
        </div>
        <div
          class="ds-stack ds-stack-8 row-span-2"
        >
          <h2
            class="ds-label-section"
          >
            Schritt für Schritt
          </h2>
          <ul
            class="list-unstyled flex flex-col gap-8"
          >
            <li>
               
              <a
                class="increase-tap-area"
                href="/vorpruefung"
              >
                1. Vorprüfung: Digitalbezug einschätzen
              </a>
            </li>
            <li>
               
              <a
                class="increase-tap-area"
                href="/methoden"
              >
                2. Digitaltauglichkeit der Regelung sicherstellen
              </a>
            </li>
            <li>
               
              <a
                class="increase-tap-area"
                href="/dokumentation"
              >
                3. Dokumentieren der Digitaltauglichkeit
              </a>
            </li>
          </ul>
        </div>
        <div
          class="ds-stack ds-stack-8"
        >
          <h2
            class="ds-label-section"
          >
            Grundlagen
          </h2>
          <ul
            class="list-unstyled flex flex-col gap-8"
          >
            <li>
               
              <a
                class="increase-tap-area"
                href="/methoden/fuenf-prinzipien"
              >
                Prinzipien der Digitaltauglichkeit
              </a>
            </li>
            <li>
               
              <a
                class="increase-tap-area"
                href="/interoperabel"
              >
                EU-Interoperabilität
              </a>
            </li>
            <li>
               
              <a
                class="increase-tap-area"
                href="/grundlagen/digitaltauglichkeit"
              >
                Was ist Digitaltauglichkeit?
              </a>
            </li>
            <li>
               
              <a
                class="increase-tap-area"
                href="/grundlagen/normenkontrollrat"
              >
                NKR und Digitalcheck
              </a>
            </li>
          </ul>
        </div>
        <div
          class="ds-stack ds-stack-8"
        >
          <h2
            class="ds-label-section"
          >
            Beispiele
          </h2>
          <ul
            class="list-unstyled flex flex-col gap-8"
          >
            <li>
               
              <a
                class="increase-tap-area"
                href="/beispiele/prinzipien"
              >
                Digitaltauglichkeit im Regelungstext
              </a>
            </li>
            <li>
               
              <a
                class="increase-tap-area"
                href="/beispiele/visualisierungen"
              >
                Visualisierungen
              </a>
            </li>
          </ul>
        </div>
      </nav>
      <nav
        aria-label="Sitemap"
      >
        <ul
          class="list-unstyled flex flex-row flex-wrap items-baseline gap-8"
        >
          <li
            class="after:ml-8 after:inline-block after:content-['•'] last:after:content-['']"
          >
             
            <a
              class="increase-tap-area"
              href="/impressum"
            >
              Impressum
            </a>
          </li>
          <li
            class="after:ml-8 after:inline-block after:content-['•'] last:after:content-['']"
          >
             
            <a
              class="increase-tap-area"
              href="/datenschutz"
            >
              Datenschutzerklärung
            </a>
          </li>
          <li
            class="after:ml-8 after:inline-block after:content-['•'] last:after:content-['']"
          >
             
            <a
              class="increase-tap-area"
              href="/barrierefreiheit"
            >
              Barrierefreiheit
            </a>
          </li>
          <li
            class="after:ml-8 after:inline-block after:content-['•'] last:after:content-['']"
          >
             
            <a
              class="increase-tap-area"
              href="/sitemap"
            >
              Sitemap
            </a>
          </li>
          <li
            class="after:ml-8 after:inline-block after:content-['•'] last:after:content-['']"
          >
             
            <a
              class="increase-tap-area"
              href="/das-ist-neu"
            >
              Das ist neu
            </a>
          </li>
          <li
            class="after:ml-8 after:inline-block after:content-['•'] last:after:content-['']"
          >
             
            <a
              class="increase-tap-area"
              href="/zahlen-und-fakten"
            >
              Zahlen und Fakten
            </a>
          </li>
          <li
            class="after:ml-8 after:inline-block after:content-['•'] last:after:content-['']"
          >
             
            <a
              class="increase-tap-area"
              href="https://github.com/digitalservicebund/digitalcheck-dito"
            >
              Open Source Code
            </a>
          </li>
        </ul>
      </nav>
      <hr
        class="mt-16 w-full border-t-2 border-blue-300"
      />
      <nav
        aria-label="Externe Verlinkungen"
        class="space-y-40"
      >
        Ein Angebot der
         
        <a
          class="increase-tap-area"
          href="https://digitalservice.bund.de/"
        >
          DigitalService GmbH des Bundes
        </a>
        <div
          class="space-y-16 sm:flex sm:flex-row sm:items-center sm:gap-48 sm:space-y-0"
        >
          <img
            alt="Logo des Bundesministerium für Digitales und Staatsmodernisierung"
            class="forced-colors:dark:hidden"
            src="/logo/bmds-logo.svg"
            width="120"
          />
          <img
            alt="Logo des Bundesministerium für Digitales und Staatsmodernisierung"
            class="hidden forced-colors:dark:block"
            src="/logo/bmds-logo-white.svg"
            width="120"
          />
          <div
            class="max-w-2xl space-y-8"
          >
            <h3
              class="ds-label-03-bold"
            >
              Federführung
            </h3>
            <div
              class="ds-stack ds-stack-8"
            >
              <ul
                class="list-unstyled flex flex-col gap-8"
              >
                <li>
                  Der Digitalcheck entsteht im Auftrag des
                   
                  <a
                    class="increase-tap-area"
                    href="https://bmds.bund.de/"
                  >
                    Bundesministerium für Digitales und Staatsmodernisierung
                  </a>
                </li>
                <li>
                  Mehr über den politischen Auftrag und die Entstehung des Digitalcheck finden Sie auf der
                   
                  <a
                    class="increase-tap-area"
                    href="https://www.digitale-verwaltung.de/Webs/DV/DE/transformation/digitalcheck/digitalcheck-node.html"
                  >
                    Projektseite
                  </a>
                   
                  des Bundesministeriums für Digitales und Staatsmodernisierung.
                </li>
              </ul>
            </div>
          </div>
        </div>
      </nav>
    </div>
  </footer>
</div>
`;
