// Vitest Snapshot v1, https://vitest.dev/guide/snapshot.html

exports[`Footer Component > Renders correctly 1`] = `
<div>
  <footer
    aria-label="Seitenfußbereich"
    class="ds-label-03-reg flex w-full flex-row justify-center border-t-2 border-blue-300 leading-snug text-gray-900 print:hidden"
    id="footer"
  >
    <div
      class="kern-stack kern-stack-xl sm:kern-stack-2xl w-full max-w-6xl px-16 py-40"
    >
      <nav
        aria-label="Schnellübersicht"
        class="grid grid-cols-1 justify-between gap-32 sm:grid-cols-[repeat(3,minmax(0,18rem))] sm:grid-rows-2"
      >
        <div
          class="kern-stack-sm row-span-2"
        >
          <h2
            class="kern-heading-medium"
          >
            Unterstützungsangebote für Bund, Länder, Kommunen und EU-Staaten
          </h2>
          <ul
            class="list-unstyled kern-body kern-body--small kern-body--muted flex flex-col gap-8"
          >
            <li>
              Support:
               
              <a
                class="increase-tap-area kern-link kern-link--small"
                href="tel:+4915140767839"
              >
                0151/40 76 78 39
              </a>
               oder
               
              <a
                class="increase-tap-area kern-link kern-link--small"
                href="mailto:digitalcheck@digitalservice.bund.de"
              >
                digitalcheck@digitalservice.bund.de
              </a>
            </li>
            <li>
               
              <a
                class="increase-tap-area kern-link kern-link--small"
                href="/unterstuetzung"
              >
                Alle Unterstützungsangebote
              </a>
            </li>
            <li>
               
              <a
                class="increase-tap-area kern-link kern-link--small"
                href="/unterstuetzung?tab=online-schulungen#angebote"
              >
                Schulungen
              </a>
            </li>
            <li>
               
              <a
                class="increase-tap-area kern-link kern-link--small"
                href="/interoperabel/nationale-kontaktstelle"
              >
                Nationale Kontaktstelle für ein interoperables Europa (2024/903 Art. 17)
              </a>
            </li>
          </ul>
        </div>
        <div
          class="kern-stack-sm row-span-2"
        >
          <h2
            class="kern-heading-medium"
          >
            Schritt für Schritt
          </h2>
          <ul
            class="list-unstyled kern-body kern-body--small kern-body--muted flex flex-col gap-8"
          >
            <li>
               
              <a
                class="increase-tap-area kern-link kern-link--small"
                href="/vorpruefung"
              >
                1. Vorprüfung: Digitalbezug einschätzen
              </a>
            </li>
            <li>
               
              <a
                class="increase-tap-area kern-link kern-link--small"
                href="/methoden"
              >
                2. Digitaltauglichkeit der Regelung sicherstellen
              </a>
            </li>
            <li>
               
              <a
                class="increase-tap-area kern-link kern-link--small"
                href="/dokumentation"
              >
                3. Dokumentieren der Digitaltauglichkeit
              </a>
            </li>
          </ul>
        </div>
        <div
          class="kern-stack-sm"
        >
          <h2
            class="kern-heading-medium"
          >
            Grundlagen
          </h2>
          <ul
            class="list-unstyled kern-body kern-body--small kern-body--muted flex flex-col gap-8"
          >
            <li>
               
              <a
                class="increase-tap-area kern-link kern-link--small"
                href="/methoden/fuenf-prinzipien"
              >
                Prinzipien der Digitaltauglichkeit
              </a>
            </li>
            <li>
               
              <a
                class="increase-tap-area kern-link kern-link--small"
                href="/interoperabel"
              >
                EU-Interoperabilität
              </a>
            </li>
            <li>
               
              <a
                class="increase-tap-area kern-link kern-link--small"
                href="/grundlagen/digitaltauglichkeit"
              >
                Was ist Digitaltauglichkeit?
              </a>
            </li>
            <li>
               
              <a
                class="increase-tap-area kern-link kern-link--small"
                href="/grundlagen/normenkontrollrat"
              >
                NKR und Digitalcheck
              </a>
            </li>
          </ul>
        </div>
        <div
          class="kern-stack-sm"
        >
          <h2
            class="kern-heading-medium"
          >
            Beispiele
          </h2>
          <ul
            class="list-unstyled kern-body kern-body--small kern-body--muted flex flex-col gap-8"
          >
            <li>
               
              <a
                class="increase-tap-area kern-link kern-link--small"
                href="/beispiele/prinzipien"
              >
                Digitaltauglichkeit im Regelungstext
              </a>
            </li>
            <li>
               
              <a
                class="increase-tap-area kern-link kern-link--small"
                href="/beispiele/visualisierungen"
              >
                Visualisierungen
              </a>
            </li>
          </ul>
        </div>
      </nav>
      <nav
        aria-label="Sitemap"
      >
        <ul
          class="list-unstyled kern-link kern-link--small flex flex-row flex-wrap items-baseline gap-8"
        >
          <li
            class="after:ml-8 after:inline-block after:content-['•'] last:after:content-['']"
          >
             
            <a
              class="increase-tap-area kern-link kern-link--small"
              href="/impressum"
            >
              Impressum
            </a>
          </li>
          <li
            class="after:ml-8 after:inline-block after:content-['•'] last:after:content-['']"
          >
             
            <a
              class="increase-tap-area kern-link kern-link--small"
              href="/datenschutz"
            >
              Datenschutzerklärung
            </a>
          </li>
          <li
            class="after:ml-8 after:inline-block after:content-['•'] last:after:content-['']"
          >
             
            <a
              class="increase-tap-area kern-link kern-link--small"
              href="/barrierefreiheit"
            >
              Barrierefreiheit
            </a>
          </li>
          <li
            class="after:ml-8 after:inline-block after:content-['•'] last:after:content-['']"
          >
             
            <a
              class="increase-tap-area kern-link kern-link--small"
              href="/sitemap"
            >
              Sitemap
            </a>
          </li>
          <li
            class="after:ml-8 after:inline-block after:content-['•'] last:after:content-['']"
          >
             
            <a
              class="increase-tap-area kern-link kern-link--small"
              href="/das-ist-neu"
            >
              Das ist neu
            </a>
          </li>
          <li
            class="after:ml-8 after:inline-block after:content-['•'] last:after:content-['']"
          >
             
            <a
              class="increase-tap-area kern-link kern-link--small"
              href="/zahlen-und-fakten"
            >
              Zahlen und Fakten
            </a>
          </li>
          <li
            class="after:ml-8 after:inline-block after:content-['•'] last:after:content-['']"
          >
             
            <a
              class="increase-tap-area kern-link kern-link--small"
              href="https://github.com/digitalservicebund/digitalcheck-dito"
            >
              Open Source Code
            </a>
          </li>
        </ul>
      </nav>
      <hr
        class="mt-16 w-full border-t-2 border-blue-300"
      />
      <nav
        aria-label="Externe Verlinkungen"
        class="space-y-40"
      >
        <p
          class="kern-body kern-body--small"
        >
          Ein Angebot der
           
          <a
            href="https://digitalservice.bund.de/"
          >
            DigitalService GmbH des Bundes
          </a>
        </p>
        <div
          class="space-y-16 sm:flex sm:flex-row sm:items-center sm:gap-48 sm:space-y-0"
        >
          <img
            alt="Logo des Bundesministerium für Digitales und Staatsmodernisierung"
            class="forced-colors:dark:hidden"
            src="/logo/bmds-logo.svg"
            width="120"
          />
          <img
            alt="Logo des Bundesministerium für Digitales und Staatsmodernisierung"
            class="hidden forced-colors:dark:block"
            src="/logo/bmds-logo-white.svg"
            width="120"
          />
          <div
            class="max-w-2xl space-y-8"
          >
            <h3
              class="kern-label kern-label--small"
            >
              Federführung
            </h3>
            <p
              class="kern-body kern-body--small"
            >
              Der Digitalcheck entsteht im Auftrag des
               
              <a
                href="https://bmds.bund.de/"
                rel="noreferrer"
                target="_blank"
              >
                Bundesministerium für Digitales und Staatsmodernisierung
              </a>
            </p>
            <p
              class="kern-body kern-body--small"
            >
              Mehr über den politischen Auftrag und die Entstehung des Digitalcheck finden Sie auf der
               
              <a
                href="https://www.digitale-verwaltung.de/Webs/DV/DE/transformation/digitalcheck/digitalcheck-node.html"
                rel="noreferrer"
                target="_blank"
              >
                Projektseite
              </a>
               
              des Bundesministeriums für Digitales und Staatsmodernisierung.
            </p>
          </div>
        </div>
      </nav>
    </div>
  </footer>
</div>
`;
